[theme.crumina.net/html-utouch/index.html]
[backblue.gif]
[fade.gif]
[index.html]
[theme.crumina.net/html-utouch/css/blocks.css]
[theme.crumina.net/html-utouch/css/theme-styles.css]
[theme.crumina.net/html-utouch/css/widgets.css]
[theme.crumina.net/html-utouch/css/swiper.min.css]
[theme.crumina.net/html-utouch/index-2.html]
[theme.crumina.net/html-utouch/img/logo.png]
[theme.crumina.net/html-utouch/02_company.html]
[theme.crumina.net/html-utouch/08_events.html]
[theme.crumina.net/html-utouch/05_case_details_ver_01.html]
[theme.crumina.net/html-utouch/06_case_details_ver_02.html]
[theme.crumina.net/html-utouch/07_case_details_ver_03.html]
[theme.crumina.net/html-utouch/11_events_details_lesson.html]
[theme.crumina.net/html-utouch/12_events_details_presentation.html]
[theme.crumina.net/html-utouch/13_events_details_training.html]
[theme.crumina.net/html-utouch/14_events_details_webinar.html]
[theme.crumina.net/html-utouch/03_products.html]
[theme.crumina.net/html-utouch/09_events_details_conference_workshops.html]
[theme.crumina.net/html-utouch/10_events_details_course.html]
[theme.crumina.net/html-utouch/04_works.html]
[theme.crumina.net/html-utouch/32_testimonials.html]
[theme.crumina.net/html-utouch/img/product-item1.jpg]
[theme.crumina.net/html-utouch/img/product-item2.jpg]
[theme.crumina.net/html-utouch/img/product-item3.jpg]
[theme.crumina.net/html-utouch/img/product-item4.jpg]
[theme.crumina.net/html-utouch/img/menu-bg.jpg]
[theme.crumina.net/html-utouch/30_search_dark.html]
[theme.crumina.net/html-utouch/30_search_light.html]
[theme.crumina.net/html-utouch/31_search_full_screen_light.html]
[theme.crumina.net/html-utouch/23_galleries.html]
[theme.crumina.net/html-utouch/17_news_details.html]
[theme.crumina.net/html-utouch/20_page-not_found.html]
[theme.crumina.net/html-utouch/29_headers.html]
[theme.crumina.net/html-utouch/typography.html]
[theme.crumina.net/html-utouch/15_pricing_tables.html]
[theme.crumina.net/html-utouch/16_news.html]
[theme.crumina.net/html-utouch/18_contacts.html]
[theme.crumina.net/html-utouch/img/slides1.png]
[theme.crumina.net/html-utouch/img/slides2.png]
[theme.crumina.net/html-utouch/img/clouds8.png]
[theme.crumina.net/html-utouch/img/clouds9.png]
[theme.crumina.net/html-utouch/img/clouds10.png]
[theme.crumina.net/html-utouch/img/iphone.png]
[theme.crumina.net/html-utouch/img/video-thumb.png]
[theme.crumina.net/html-utouch/img/play.png]
[theme.crumina.net/html-utouch/img/client1.png]
[theme.crumina.net/html-utouch/img/client1-1.png]
[theme.crumina.net/html-utouch/img/client2.png]
[theme.crumina.net/html-utouch/img/client2-1.png]
[theme.crumina.net/html-utouch/img/client3.png]
[theme.crumina.net/html-utouch/img/client3-1.png]
[theme.crumina.net/html-utouch/img/client4.png]
[theme.crumina.net/html-utouch/img/client4-1.png]
[theme.crumina.net/html-utouch/img/client5.png]
[theme.crumina.net/html-utouch/img/client5-1.png]
[theme.crumina.net/html-utouch/img/client6.png]
[theme.crumina.net/html-utouch/img/client6-1.png]
[theme.crumina.net/html-utouch/img/image.png]
[theme.crumina.net/html-utouch/img/img-slide1.png]
[theme.crumina.net/html-utouch/img/author2.png]
[theme.crumina.net/html-utouch/img/subscribe-img.png]
[theme.crumina.net/html-utouch/js/jquery-3.2.0.min.js]
[theme.crumina.net/html-utouch/js/crum-mega-menu.js]
[theme.crumina.net/html-utouch/js/swiper.jquery.min.js]
[theme.crumina.net/html-utouch/js/velocity.min.js]
[theme.crumina.net/html-utouch/js/main.js]
[theme.crumina.net/html-utouch/index.html]
[theme.crumina.net/html-utouch/js/form-actions.js]
[theme.crumina.net/html-utouch/js/theme-plugins.js]
[theme.crumina.net/html-utouch/fonts/fontawesome-webfont3e6e.eot]
[theme.crumina.net/html-utouch/fonts/fontawesome-webfontd41d.eot]
[theme.crumina.net/html-utouch/fonts/fontawesome-webfont3e6e.woff]
[theme.crumina.net/html-utouch/fonts/fontawesome-webfont3e6e.ttf]
[theme.crumina.net/html-utouch/img/stunning-bg.jpg]
[theme.crumina.net/html-utouch/img/stunning-bg1.jpg]
[theme.crumina.net/html-utouch/img/stunning-bg2.jpg]
[theme.crumina.net/html-utouch/img/stunning-bg3.jpg]
[theme.crumina.net/html-utouch/img/stunning-bg4.jpg]
[theme.crumina.net/html-utouch/img/stunning-bg5.jpg]
[theme.crumina.net/html-utouch/img/clouds.png]
[theme.crumina.net/html-utouch/css/theme-styles.css]
[theme.crumina.net/html-utouch/img/clouds1.png]
[theme.crumina.net/html-utouch/img/clouds2.png]
[theme.crumina.net/html-utouch/img/clouds3.png]
[theme.crumina.net/html-utouch/img/clouds4.png]
[theme.crumina.net/html-utouch/img/clouds5.png]
[theme.crumina.net/html-utouch/img/clouds6.png]
[theme.crumina.net/html-utouch/img/clouds7.png]
[theme.crumina.net/html-utouch/img/clouds11.png]
[theme.crumina.net/html-utouch/img/clouds13.png]
[theme.crumina.net/html-utouch/img/clouds14.png]
[theme.crumina.net/html-utouch/img/clouds15.png]
[theme.crumina.net/html-utouch/img/clouds16.png]
[theme.crumina.net/html-utouch/img/clouds17.png]
[theme.crumina.net/html-utouch/img/clouds18.png]
[theme.crumina.net/html-utouch/img/clouds19.png]
[theme.crumina.net/html-utouch/img/clouds20.png]
[theme.crumina.net/html-utouch/img/clouds21.png]
[theme.crumina.net/html-utouch/img/clouds22.png]
[theme.crumina.net/html-utouch/img/clouds24.png]
[theme.crumina.net/html-utouch/img/clouds25.png]
[theme.crumina.net/html-utouch/img/bg-rounded1.png]
[theme.crumina.net/html-utouch/img/bg-rounded3.png]
[theme.crumina.net/html-utouch/img/bg-rounded4.png]
[theme.crumina.net/html-utouch/img/faqs-cloud.png]
[theme.crumina.net/html-utouch/img/smartphone2.png]
[theme.crumina.net/html-utouch/img/clouds12.png]
[theme.crumina.net/html-utouch/img/smartphone1.png]
[theme.crumina.net/html-utouch/css/blocks.css]
[theme.crumina.net/html-utouch/css/widgets.css]
[theme.crumina.net/html-utouch/css/swiper.min.css]
[theme.crumina.net/html-utouch/svg/preload.svg]
[theme.crumina.net/html-utouch/index-2.html]
[theme.crumina.net/html-utouch/img/man.png]
[theme.crumina.net/html-utouch/img/case1.jpg]
[theme.crumina.net/html-utouch/img/case2.jpg]
[theme.crumina.net/html-utouch/img/author3.png]
[theme.crumina.net/html-utouch/img/author4.png]
[theme.crumina.net/html-utouch/img/teammember1.png]
[theme.crumina.net/html-utouch/img/teammember2.png]
[theme.crumina.net/html-utouch/img/teammember3.png]
[theme.crumina.net/html-utouch/img/teammember4.png]
[theme.crumina.net/html-utouch/02_company.html]
[theme.crumina.net/html-utouch/css/count.css]
[theme.crumina.net/html-utouch/img/curriculum5.jpg]
[theme.crumina.net/html-utouch/img/author1.jpg]
[theme.crumina.net/html-utouch/img/curriculum3.jpg]
[theme.crumina.net/html-utouch/img/curriculum6.jpg]
[theme.crumina.net/html-utouch/img/curriculum2.jpg]
[theme.crumina.net/html-utouch/img/curriculum7.png]
[theme.crumina.net/html-utouch/img/curriculum1.jpg]
[theme.crumina.net/html-utouch/js/isotope.pkgd.min.js]
[theme.crumina.net/html-utouch/08_events.html]
[theme.crumina.net/html-utouch/js/jquery.countdown.min.js]
[theme.crumina.net/html-utouch/img/screen1.png]
[theme.crumina.net/html-utouch/img/video-thumb3.jpg]
[theme.crumina.net/html-utouch/img/image7.png]
[theme.crumina.net/html-utouch/img/screen2.png]
[theme.crumina.net/html-utouch/05_case_details_ver_01.html]
[theme.crumina.net/html-utouch/img/screen3.png]
[theme.crumina.net/html-utouch/img/video-thumb1.png]
[theme.crumina.net/html-utouch/img/image8.jpg]
[theme.crumina.net/html-utouch/img/image9.jpg]
[theme.crumina.net/html-utouch/06_case_details_ver_02.html]
[theme.crumina.net/html-utouch/img/image1.jpg]
[theme.crumina.net/html-utouch/img/image3.jpg]
[theme.crumina.net/html-utouch/img/slides3.png]
[theme.crumina.net/html-utouch/img/video-thumb2.jpg]
[theme.crumina.net/html-utouch/img/screenshot1.jpg]
[theme.crumina.net/html-utouch/img/screenshot7.jpg]
[theme.crumina.net/html-utouch/img/screenshot3.jpg]
[theme.crumina.net/html-utouch/img/screenshot4.jpg]
[theme.crumina.net/html-utouch/img/screenshot5.jpg]
[theme.crumina.net/html-utouch/img/screenshot6.jpg]
[theme.crumina.net/html-utouch/img/screenshot8.jpg]
[theme.crumina.net/html-utouch/07_case_details_ver_03.html]
[theme.crumina.net/html-utouch/js/ajax-pagination.js]
[theme.crumina.net/html-utouch/img/author7.png]
[theme.crumina.net/html-utouch/img/author8.png]
[theme.crumina.net/html-utouch/img/author9.png]
[theme.crumina.net/html-utouch/img/author10.png]
[theme.crumina.net/html-utouch/img/teammember9.jpg]
[theme.crumina.net/html-utouch/11_events_details_lesson.html]
[theme.crumina.net/html-utouch/img/image4.png]
[theme.crumina.net/html-utouch/img/image5.png]
[theme.crumina.net/html-utouch/img/teammember10.jpg]
[theme.crumina.net/html-utouch/img/teammember11.jpg]
[theme.crumina.net/html-utouch/img/teammember12.jpg]
[theme.crumina.net/html-utouch/img/map-dotted.png]
[theme.crumina.net/html-utouch/12_events_details_presentation.html]
[theme.crumina.net/html-utouch/img/video-thumb1.jpg]
[theme.crumina.net/html-utouch/img/play-small.png]
[theme.crumina.net/html-utouch/13_events_details_training.html]
[theme.crumina.net/html-utouch/img/screenshot9.jpg]
[theme.crumina.net/html-utouch/img/screenshot10.jpg]
[theme.crumina.net/html-utouch/img/screenshot11.jpg]
[theme.crumina.net/html-utouch/img/screenshot12.jpg]
[theme.crumina.net/html-utouch/img/screenshot13.jpg]
[theme.crumina.net/html-utouch/14_events_details_webinar.html]
[theme.crumina.net/html-utouch/img/product-img.png]
[theme.crumina.net/html-utouch/img/product-img2.png]
[theme.crumina.net/html-utouch/img/image10.jpg]
[theme.crumina.net/html-utouch/img/image11.jpg]
[theme.crumina.net/html-utouch/img/image12.jpg]
[theme.crumina.net/html-utouch/img/thumb-hand.png]
[theme.crumina.net/html-utouch/img/clouds23.png]
[theme.crumina.net/html-utouch/img/hand.png]
[theme.crumina.net/html-utouch/img/portfolio1.png]
[theme.crumina.net/html-utouch/img/portfolio2.png]
[theme.crumina.net/html-utouch/img/portfolio3.png]
[theme.crumina.net/html-utouch/img/portfolio4.png]
[theme.crumina.net/html-utouch/img/portfolio5.png]
[theme.crumina.net/html-utouch/img/portfolio6.png]
[theme.crumina.net/html-utouch/img/portfolio7.png]
[theme.crumina.net/html-utouch/03_products.html]
[theme.crumina.net/html-utouch/img/image-post.png]
[theme.crumina.net/html-utouch/img/teammember5.jpg]
[theme.crumina.net/html-utouch/img/teammember6.jpg]
[theme.crumina.net/html-utouch/img/teammember7.jpg]
[theme.crumina.net/html-utouch/img/teammember8.jpg]
[theme.crumina.net/html-utouch/09_events_details_conference_workshops.html]
[theme.crumina.net/html-utouch/10_events_details_course.html]
[theme.crumina.net/html-utouch/img/case5.jpg]
[theme.crumina.net/html-utouch/img/case7.jpg]
[theme.crumina.net/html-utouch/img/case4.jpg]
[theme.crumina.net/html-utouch/img/case6.jpg]
[theme.crumina.net/html-utouch/img/case8.jpg]
[theme.crumina.net/html-utouch/04_works.html]
[theme.crumina.net/html-utouch/img/author5.png]
[theme.crumina.net/html-utouch/img/author6.png]
[theme.crumina.net/html-utouch/32_testimonials.html]
[theme.crumina.net/html-utouch/30_search_dark.html]
[theme.crumina.net/html-utouch/30_search_light.html]
[theme.crumina.net/html-utouch/31_search_full_screen_light.html]
[theme.crumina.net/html-utouch/23_galleries.html]
[theme.crumina.net/html-utouch/24_gallery_full_screen.html]
[theme.crumina.net/html-utouch/img/blog1.jpg]
[theme.crumina.net/html-utouch/img/l-news1.jpg]
[theme.crumina.net/html-utouch/img/l-news2.jpg]
[theme.crumina.net/html-utouch/img/l-news3.png]
[theme.crumina.net/html-utouch/img/l-news4.jpg]
[theme.crumina.net/html-utouch/img/l-news5.png]
[theme.crumina.net/html-utouch/17_news_details.html]
[theme.crumina.net/html-utouch/img/logo-white.png]
[theme.crumina.net/html-utouch/20_page-not_found.html]
[theme.crumina.net/html-utouch/29_headers.html]
[theme.crumina.net/html-utouch/typography.html]
[theme.crumina.net/html-utouch/15_pricing_tables.html]
[theme.crumina.net/html-utouch/img/blog2.jpg]
[theme.crumina.net/html-utouch/img/blog3.jpg]
[theme.crumina.net/html-utouch/img/blog4.jpg]
[theme.crumina.net/html-utouch/img/blog5.jpg]
[theme.crumina.net/html-utouch/16_news.html]
[theme.crumina.net/html-utouch/18_contacts.html]
[theme.crumina.net/html-utouch/svg-icons/google-play.svg]
[theme.crumina.net/html-utouch/svg-icons/smartphone.svg]
[theme.crumina.net/html-utouch/svg-icons/music (1).svg]
[theme.crumina.net/html-utouch/svg-icons/settings (4).svg]
[theme.crumina.net/html-utouch/img/iphone2.png]
[theme.crumina.net/html-utouch/svg-icons/chat.svg]
[theme.crumina.net/html-utouch/svg-icons/pictures.svg]
[theme.crumina.net/html-utouch/img/iphone3.png]
[theme.crumina.net/html-utouch/svg-icons/dial.svg]
[theme.crumina.net/html-utouch/svg-icons/fingerprint.svg]
[theme.crumina.net/html-utouch/svg-icons/devices.svg]
[theme.crumina.net/html-utouch/svg-icons/payment-method.svg]
[theme.crumina.net/html-utouch/svg-icons/chat1.svg]
[theme.crumina.net/html-utouch/svg-icons/tap.svg]
[theme.crumina.net/html-utouch/svg/quotes.svg]
[theme.crumina.net/html-utouch/fonts/fontawesome-webfont3e6e.html]
[theme.crumina.net/html-utouch/fonts/fontawesome-webfont3e6e.svg]
[theme.crumina.net/html-utouch/svg/icon252.svg]
[theme.crumina.net/html-utouch/svg/02-triangle.svg]
[theme.crumina.net/html-utouch/svg/01-triangle.svg]
[theme.crumina.net/html-utouch/svg/01-wave-rotate-180.svg]
[theme.crumina.net/html-utouch/svg/01-wave.svg]
[theme.crumina.net/html-utouch/svg/02-wave.svg]
[theme.crumina.net/html-utouch/svg/03-wave.svg]
[theme.crumina.net/html-utouch/svg/04-wave.svg]
[theme.crumina.net/html-utouch/svg/05-wave.svg]
[theme.crumina.net/html-utouch/svg/06-wave.svg]
[theme.crumina.net/html-utouch/svg/06-wave-inverted.svg]
[theme.crumina.net/html-utouch/svg/flag.svg]
[theme.crumina.net/html-utouch/svg/settings.svg]
[theme.crumina.net/html-utouch/svg/team.svg]
[theme.crumina.net/html-utouch/img/bg-rounded2.png]
[theme.crumina.net/html-utouch/css/count.css]
[theme.crumina.net/html-utouch/svg-icons/alarm.svg]
[theme.crumina.net/html-utouch/svg-icons/cloud-computing (1).svg]
[theme.crumina.net/html-utouch/img/image6.png]
[theme.crumina.net/html-utouch/img/image2.jpg]
[theme.crumina.net/html-utouch/img/3image.png]
[theme.crumina.net/html-utouch/img/man3.png]
[theme.crumina.net/html-utouch/svg-icons/flag.svg]
[theme.crumina.net/html-utouch/svg-icons/library.svg]
[theme.crumina.net/html-utouch/img/screenshot14.jpg]
[theme.crumina.net/html-utouch/img/man2.png]
[theme.crumina.net/html-utouch/img/slides4.png]
[theme.crumina.net/html-utouch/img/smartphone.png]
[theme.crumina.net/html-utouch/24_gallery_full_screen.html]
[theme.crumina.net/html-utouch/svg-icons/rocket.svg]
[theme.crumina.net/html-utouch/svg-icons/cup.svg]
[theme.crumina.net/html-utouch/svg-icons/shirt.svg]
[theme.crumina.net/html-utouch/img/screen5.png]
[theme.crumina.net/html-utouch/img/case3.jpg]
[theme.crumina.net/html-utouch/svg-icons/link (2).svg]
[theme.crumina.net/html-utouch/svg-icons/clock.svg]
[theme.crumina.net/html-utouch/img/quote.png]
[theme.crumina.net/html-utouch/img/curriculum4.jpg]
[theme.crumina.net/html-utouch/svg-icons/calendar.svg]
[theme.crumina.net/html-utouch/svg/rocket-launch.svg]
[theme.crumina.net/html-utouch/img/zoom-img.png]
